src/app/api/media/upload/route.ts(17,10): error TS2305: Module '"@/lib/auth/session"' has no exported member 'getSessionFromCookie'.
src/app/api/media/upload/route.ts(17,32): error TS2305: Module '"@/lib/auth/session"' has no exported member 'isValidSession'.
src/app/api/media/video-info/route.ts(16,10): error TS2305: Module '"@/lib/auth/session"' has no exported member 'getSessionFromCookie'.
src/app/api/media/video-info/route.ts(16,32): error TS2305: Module '"@/lib/auth/session"' has no exported member 'isValidSession'.
src/lib/content/block-parser.ts(707,5): error TS1205: Re-exporting a type when 'isolatedModules' is enabled requires using 'export type'.
src/lib/content/block-parser.ts(708,5): error TS1205: Re-exporting a type when 'isolatedModules' is enabled requires using 'export type'.
src/lib/content/block-parser.ts(709,5): error TS1205: Re-exporting a type when 'isolatedModules' is enabled requires using 'export type'.
src/lib/content/block-parser.ts(710,5): error TS1205: Re-exporting a type when 'isolatedModules' is enabled requires using 'export type'.
src/lib/content/block-parser.ts(711,5): error TS1205: Re-exporting a type when 'isolatedModules' is enabled requires using 'export type'.
src/lib/content/block-parser.ts(712,5): error TS1205: Re-exporting a type when 'isolatedModules' is enabled requires using 'export type'.
src/lib/media/upload.ts(284,13): error TS2322: Type 'ImageDimensions | null' is not assignable to type 'ImageDimensions | undefined'.
  Type 'null' is not assignable to type 'ImageDimensions | undefined'.
